Archive member included because of file (symbol)

/home/ubuntu/Desktop/RockboxRCC/bu800/apps/plugins/libplugin.a(gcc-support.o)
                              /home/ubuntu/Desktop/RockboxRCC/bu800/apps/plugins/imageviewer/png/tinflate.o (memcpy)
/home/ubuntu/Desktop/RockboxRCC/bu800/apps/plugins/libplugin.a(pluginlib_resize.o)
                              /home/ubuntu/Desktop/RockboxRCC/bu800/apps/plugins/imageviewer/png/png_decoder.o (format_native)
/home/ubuntu/Desktop/RockboxRCC/bu800/apps/plugins/libplugin.a(pluginlib_bmp.o)
                              /home/ubuntu/Desktop/RockboxRCC/bu800/apps/plugins/libplugin.a(pluginlib_resize.o) (output_row_8_native)
/home/ubuntu/Desktop/RockboxRCC/bu800/apps/plugins/libplugin.a(bmp_smooth_scale.o)
                              /home/ubuntu/Desktop/RockboxRCC/bu800/apps/plugins/imageviewer/png/png.o (smooth_resize_bitmap)
/home/ubuntu/android-ndk-r9c/toolchains/arm-linux-androideabi-4.6/prebuilt/linux-x86/bin/../lib/gcc/arm-linux-androideabi/4.6/libgcc.a(_udivsi3.o)
                              /home/ubuntu/Desktop/RockboxRCC/bu800/apps/plugins/imageviewer/png/png_decoder.o (__aeabi_uidiv)
/home/ubuntu/android-ndk-r9c/toolchains/arm-linux-androideabi-4.6/prebuilt/linux-x86/bin/../lib/gcc/arm-linux-androideabi/4.6/libgcc.a(_divsi3.o)
                              /home/ubuntu/Desktop/RockboxRCC/bu800/apps/plugins/imageviewer/png/png_decoder.o (__aeabi_idiv)
/home/ubuntu/android-ndk-r9c/toolchains/arm-linux-androideabi-4.6/prebuilt/linux-x86/bin/../lib/gcc/arm-linux-androideabi/4.6/libgcc.a(_dvmd_lnx.o)
                              /home/ubuntu/android-ndk-r9c/toolchains/arm-linux-androideabi-4.6/prebuilt/linux-x86/bin/../lib/gcc/arm-linux-androideabi/4.6/libgcc.a(_udivsi3.o) (__aeabi_idiv0)
/home/ubuntu/android-ndk-r9c/toolchains/arm-linux-androideabi-4.6/prebuilt/linux-x86/bin/../lib/gcc/arm-linux-androideabi/4.6/libgcc.a(unwind-arm.o)
                              /home/ubuntu/android-ndk-r9c/toolchains/arm-linux-androideabi-4.6/prebuilt/linux-x86/bin/../lib/gcc/arm-linux-androideabi/4.6/libgcc.a(_dvmd_lnx.o) (__aeabi_unwind_cpp_pr1)
/home/ubuntu/android-ndk-r9c/toolchains/arm-linux-androideabi-4.6/prebuilt/linux-x86/bin/../lib/gcc/arm-linux-androideabi/4.6/libgcc.a(libunwind.o)
                              /home/ubuntu/android-ndk-r9c/toolchains/arm-linux-androideabi-4.6/prebuilt/linux-x86/bin/../lib/gcc/arm-linux-androideabi/4.6/libgcc.a(unwind-arm.o) (restore_core_regs)
/home/ubuntu/android-ndk-r9c/toolchains/arm-linux-androideabi-4.6/prebuilt/linux-x86/bin/../lib/gcc/arm-linux-androideabi/4.6/libgcc.a(pr-support.o)
                              /home/ubuntu/android-ndk-r9c/toolchains/arm-linux-androideabi-4.6/prebuilt/linux-x86/bin/../lib/gcc/arm-linux-androideabi/4.6/libgcc.a(unwind-arm.o) (__gnu_unwind_execute)

Discarded input sections

 .note.GNU-stack
                0x00000000        0x0 /home/ubuntu/android-ndk-r9c/platforms/android-19/arch-arm/usr/lib/crtbegin_so.o
 .note.GNU-stack
                0x00000000        0x0 /home/ubuntu/Desktop/RockboxRCC/bu800/apps/plugins/imageviewer/png/crc32.o
 .note.GNU-stack
                0x00000000        0x0 /home/ubuntu/Desktop/RockboxRCC/bu800/apps/plugins/imageviewer/png/tinflate.o
 .note.GNU-stack
                0x00000000        0x0 /home/ubuntu/Desktop/RockboxRCC/bu800/apps/plugins/imageviewer/png/tinfzlib.o
 .note.GNU-stack
                0x00000000        0x0 /home/ubuntu/Desktop/RockboxRCC/bu800/apps/plugins/imageviewer/png/png_decoder.o
 .note.GNU-stack
                0x00000000        0x0 /home/ubuntu/Desktop/RockboxRCC/bu800/apps/plugins/imageviewer/png/png.o
 .note.GNU-stack
                0x00000000        0x0 /home/ubuntu/Desktop/RockboxRCC/bu800/apps/plugins/libplugin.a(gcc-support.o)
 .note.GNU-stack
                0x00000000        0x0 /home/ubuntu/Desktop/RockboxRCC/bu800/apps/plugins/libplugin.a(pluginlib_resize.o)
 .note.GNU-stack
                0x00000000        0x0 /home/ubuntu/Desktop/RockboxRCC/bu800/apps/plugins/libplugin.a(pluginlib_bmp.o)
 .note.GNU-stack
                0x00000000        0x0 /home/ubuntu/Desktop/RockboxRCC/bu800/apps/plugins/libplugin.a(bmp_smooth_scale.o)
 .note.GNU-stack
                0x00000000        0x0 /home/ubuntu/android-ndk-r9c/toolchains/arm-linux-androideabi-4.6/prebuilt/linux-x86/bin/../lib/gcc/arm-linux-androideabi/4.6/libgcc.a(_udivsi3.o)
 .note.GNU-stack
                0x00000000        0x0 /home/ubuntu/android-ndk-r9c/toolchains/arm-linux-androideabi-4.6/prebuilt/linux-x86/bin/../lib/gcc/arm-linux-androideabi/4.6/libgcc.a(_divsi3.o)
 .note.GNU-stack
                0x00000000        0x0 /home/ubuntu/android-ndk-r9c/toolchains/arm-linux-androideabi-4.6/prebuilt/linux-x86/bin/../lib/gcc/arm-linux-androideabi/4.6/libgcc.a(_dvmd_lnx.o)
 .note.GNU-stack
                0x00000000        0x0 /home/ubuntu/android-ndk-r9c/toolchains/arm-linux-androideabi-4.6/prebuilt/linux-x86/bin/../lib/gcc/arm-linux-androideabi/4.6/libgcc.a(unwind-arm.o)
 .note.GNU-stack
                0x00000000        0x0 /home/ubuntu/android-ndk-r9c/toolchains/arm-linux-androideabi-4.6/prebuilt/linux-x86/bin/../lib/gcc/arm-linux-androideabi/4.6/libgcc.a(libunwind.o)
 .note.GNU-stack
                0x00000000        0x0 /home/ubuntu/android-ndk-r9c/toolchains/arm-linux-androideabi-4.6/prebuilt/linux-x86/bin/../lib/gcc/arm-linux-androideabi/4.6/libgcc.a(pr-support.o)
 .note.GNU-stack
                0x00000000        0x0 /home/ubuntu/android-ndk-r9c/platforms/android-19/arch-arm/usr/lib/crtend_so.o

Memory map

 ** file header
                0x00000000       0x34
 ** segment headers
                0x00000034       0xe0

.dynsym         0x00000114      0x590
 ** dynsym      0x00000114      0x590

.dynstr         0x000006a4      0x637
 ** string table
                0x000006a4      0x637

.hash           0x00000cdc      0x278
 ** hash        0x00000cdc      0x278

.rel.dyn        0x00000f54      0x1a8
 ** dynamic relocs
                0x00000f54      0x1a8

.rel.plt        0x000010fc       0x38
 ** dynamic relocs
                0x000010fc       0x38

.plt            0x00001134       0x68
 ** PLT         0x00001134       0x68

.text           0x0000119c     0x777c
 .text          0x0000119c       0x14 /home/ubuntu/android-ndk-r9c/platforms/android-19/arch-arm/usr/lib/crtbegin_so.o
                0x0000119c                atexit
 .text.exit     0x000011b0       0x10 /home/ubuntu/android-ndk-r9c/platforms/android-19/arch-arm/usr/lib/crtbegin_so.o
                0x000011b0                __on_dlclose
 .text          0x000011c0       0x5c /home/ubuntu/Desktop/RockboxRCC/bu800/apps/plugins/imageviewer/png/crc32.o
                0x000011c0                tinf_crc32
 .text          0x0000121c      0x598 /home/ubuntu/Desktop/RockboxRCC/bu800/apps/plugins/imageviewer/png/tinflate.o
                0x00001490                tinf_uncompress
 .text          0x000017b4       0x7c /home/ubuntu/Desktop/RockboxRCC/bu800/apps/plugins/imageviewer/png/tinfzlib.o
                0x000017b4                tinf_zlib_uncompress
 .text          0x00001830     0x2168 /home/ubuntu/Desktop/RockboxRCC/bu800/apps/plugins/imageviewer/png/png_decoder.o
                0x00002c30                LodePNG_inspect
                0x00002ee0                LodePNG_decode
                0x000038e8                LodePNG_Decoder_init
                0x0000396c                LodePNG_perror
 .text          0x00003998      0x6f0 /home/ubuntu/Desktop/RockboxRCC/bu800/apps/plugins/imageviewer/png/png.o
 .text          0x00004088        0x0 /home/ubuntu/Desktop/RockboxRCC/bu800/apps/plugins/libplugin.a(gcc-support.o)
 .text.memcpy   0x00004088       0x20 /home/ubuntu/Desktop/RockboxRCC/bu800/apps/plugins/libplugin.a(gcc-support.o)
                0x00004088                memcpy
 .text.memset   0x000040a8       0x20 /home/ubuntu/Desktop/RockboxRCC/bu800/apps/plugins/libplugin.a(gcc-support.o)
                0x000040a8                memset
 .text.memmove  0x000040c8       0x20 /home/ubuntu/Desktop/RockboxRCC/bu800/apps/plugins/libplugin.a(gcc-support.o)
                0x000040c8                memmove
 .text.memcmp   0x000040e8       0x20 /home/ubuntu/Desktop/RockboxRCC/bu800/apps/plugins/libplugin.a(gcc-support.o)
                0x000040e8                memcmp
 .text          0x00004108        0x0 /home/ubuntu/Desktop/RockboxRCC/bu800/apps/plugins/libplugin.a(pluginlib_resize.o)
 .text.scale_h_area
                0x00004108      0x260 /home/ubuntu/Desktop/RockboxRCC/bu800/apps/plugins/libplugin.a(pluginlib_resize.o)
 .text.output_row_32_native_fromyuv
                0x00004368      0x1a8 /home/ubuntu/Desktop/RockboxRCC/bu800/apps/plugins/libplugin.a(pluginlib_resize.o)
 .text.output_row_32_native
                0x00004510      0x16c /home/ubuntu/Desktop/RockboxRCC/bu800/apps/plugins/libplugin.a(pluginlib_resize.o)
 .text.get_size_native
                0x0000467c       0x14 /home/ubuntu/Desktop/RockboxRCC/bu800/apps/plugins/libplugin.a(pluginlib_resize.o)
                0x0000467c                get_size_native
 .text.scale_h_linear
                0x00004690      0x288 /home/ubuntu/Desktop/RockboxRCC/bu800/apps/plugins/libplugin.a(pluginlib_resize.o)
 .text.recalc_dimension
                0x00004918       0x9c /home/ubuntu/Desktop/RockboxRCC/bu800/apps/plugins/libplugin.a(pluginlib_resize.o)
                0x00004918                recalc_dimension
 .text.resize_on_load
                0x000049b4      0x468 /home/ubuntu/Desktop/RockboxRCC/bu800/apps/plugins/libplugin.a(pluginlib_resize.o)
                0x000049b4                resize_on_load
 .text          0x00004e1c        0x0 /home/ubuntu/Desktop/RockboxRCC/bu800/apps/plugins/libplugin.a(pluginlib_bmp.o)
 .text.read_part_line
                0x00004e1c      0x3e0 /home/ubuntu/Desktop/RockboxRCC/bu800/apps/plugins/libplugin.a(pluginlib_bmp.o)
 .text.store_part_bmp
                0x000051fc       0x28 /home/ubuntu/Desktop/RockboxRCC/bu800/apps/plugins/libplugin.a(pluginlib_bmp.o)
 .text.output_row_8_native
                0x00005224      0x13c /home/ubuntu/Desktop/RockboxRCC/bu800/apps/plugins/libplugin.a(pluginlib_bmp.o)
                0x00005224                output_row_8_native
 .text.save_bmp_file
                0x00005360      0x2d8 /home/ubuntu/Desktop/RockboxRCC/bu800/apps/plugins/libplugin.a(pluginlib_bmp.o)
                0x00005360                save_bmp_file
 .text.simple_resize_bitmap
                0x00005638       0xe4 /home/ubuntu/Desktop/RockboxRCC/bu800/apps/plugins/libplugin.a(pluginlib_bmp.o)
                0x00005638                simple_resize_bitmap
 .text.read_bmp_fd
                0x0000571c      0x904 /home/ubuntu/Desktop/RockboxRCC/bu800/apps/plugins/libplugin.a(pluginlib_bmp.o)
                0x0000571c                read_bmp_fd
 .text.read_bmp_file
                0x00006020       0x90 /home/ubuntu/Desktop/RockboxRCC/bu800/apps/plugins/libplugin.a(pluginlib_bmp.o)
                0x00006020                read_bmp_file
 .text          0x000060b0        0x0 /home/ubuntu/Desktop/RockboxRCC/bu800/apps/plugins/libplugin.a(bmp_smooth_scale.o)
 .text.smooth_resize_bitmap
                0x000060b0     0x1270 /home/ubuntu/Desktop/RockboxRCC/bu800/apps/plugins/libplugin.a(bmp_smooth_scale.o)
                0x000060b0                smooth_resize_bitmap
 .text          0x00007320       0xc8 /home/ubuntu/android-ndk-r9c/toolchains/arm-linux-androideabi-4.6/prebuilt/linux-x86/bin/../lib/gcc/arm-linux-androideabi/4.6/libgcc.a(_udivsi3.o)
                0x00007320                __udivsi3
                0x00007320                __aeabi_uidiv
                0x000073c8                __aeabi_uidivmod
 .text          0x000073e8       0xfc /home/ubuntu/android-ndk-r9c/toolchains/arm-linux-androideabi-4.6/prebuilt/linux-x86/bin/../lib/gcc/arm-linux-androideabi/4.6/libgcc.a(_divsi3.o)
                0x000073e8                __divsi3
                0x000073e8                __aeabi_idiv
                0x000074c4                __aeabi_idivmod
 .text          0x000074e4       0x10 /home/ubuntu/android-ndk-r9c/toolchains/arm-linux-androideabi-4.6/prebuilt/linux-x86/bin/../lib/gcc/arm-linux-androideabi/4.6/libgcc.a(_dvmd_lnx.o)
                0x000074e4                __aeabi_idiv0
                0x000074e4                __aeabi_ldiv0
 .text          0x000074f4      0xddc /home/ubuntu/android-ndk-r9c/toolchains/arm-linux-androideabi-4.6/prebuilt/linux-x86/bin/../lib/gcc/arm-linux-androideabi/4.6/libgcc.a(unwind-arm.o)
                0x00007d38                __aeabi_unwind_cpp_pr0
                0x00007d30                __aeabi_unwind_cpp_pr1
                0x00007d28                __aeabi_unwind_cpp_pr2
                0x000078b8                _Unwind_VRS_Get
                0x00007924                _Unwind_VRS_Set
                0x00007d40                _Unwind_VRS_Pop
                0x00008098                _Unwind_GetCFA
                0x000080a0                __gnu_Unwind_RaiseException
                0x00008144                __gnu_Unwind_ForcedUnwind
                0x00008160                __gnu_Unwind_Resume
                0x000081cc                __gnu_Unwind_Resume_or_Rethrow
                0x000081ec                _Unwind_Complete
                0x000081f0                _Unwind_DeleteException
                0x00008210                __gnu_Unwind_Backtrace
 .text          0x000082d0      0x1a8 /home/ubuntu/android-ndk-r9c/toolchains/arm-linux-androideabi-4.6/prebuilt/linux-x86/bin/../lib/gcc/arm-linux-androideabi/4.6/libgcc.a(libunwind.o)
                0x000082d0                __restore_core_regs
                0x000082d0                restore_core_regs
                0x000082e4                __gnu_Unwind_Restore_VFP
                0x000082ec                __gnu_Unwind_Save_VFP
                0x000082f4                __gnu_Unwind_Restore_VFP_D
                0x000082fc                __gnu_Unwind_Save_VFP_D
                0x00008304                __gnu_Unwind_Restore_VFP_D_16_to_31
                0x0000830c                __gnu_Unwind_Save_VFP_D_16_to_31
                0x00008314                __gnu_Unwind_Restore_WMMXD
                0x00008358                __gnu_Unwind_Save_WMMXD
                0x0000839c                __gnu_Unwind_Restore_WMMXC
                0x000083b0                __gnu_Unwind_Save_WMMXC
                0x000083c4                ___Unwind_RaiseException
                0x000083c4                _Unwind_RaiseException
                0x000083e8                ___Unwind_Resume
                0x000083e8                _Unwind_Resume
                0x0000840c                ___Unwind_Resume_or_Rethrow
                0x0000840c                _Unwind_Resume_or_Rethrow
                0x00008430                ___Unwind_ForcedUnwind
                0x00008430                _Unwind_ForcedUnwind
                0x00008454                ___Unwind_Backtrace
                0x00008454                _Unwind_Backtrace
 .text          0xffffffffffffffff      0x4a0 /home/ubuntu/android-ndk-r9c/toolchains/arm-linux-androideabi-4.6/prebuilt/linux-x86/bin/../lib/gcc/arm-linux-androideabi/4.6/libgcc.a(pr-support.o)
                0x000084d0                __gnu_unwind_execute
                0x00008864                __gnu_unwind_frame
                0x000088a4                _Unwind_GetRegionStart
                0x000088d0                _Unwind_GetLanguageSpecificData
                0x00008908                _Unwind_GetDataRelBase
                0x00008910                _Unwind_GetTextRelBase
 .text          0x00008918        0x0 /home/ubuntu/android-ndk-r9c/platforms/android-19/arch-arm/usr/lib/crtend_so.o

.rodata         0x00008918      0x548
 .rodata        0x00008918       0x40 /home/ubuntu/Desktop/RockboxRCC/bu800/apps/plugins/imageviewer/png/crc32.o
 .rodata        0x00008958       0x23 /home/ubuntu/Desktop/RockboxRCC/bu800/apps/plugins/imageviewer/png/png_decoder.o
 ** merge strings
                0x0000897b      0x494
 .rodata.dither_table
                0x00008e10       0x10 /home/ubuntu/Desktop/RockboxRCC/bu800/apps/plugins/libplugin.a(pluginlib_bmp.o)
                0x00008e10                dither_table
 .rodata.bitfields
                0x00008e20       0x40 /home/ubuntu/Desktop/RockboxRCC/bu800/apps/plugins/libplugin.a(pluginlib_bmp.o)

.ARM.extab      0x00008e60       0x48
 .ARM.extab     0x00008e60        0xc /home/ubuntu/android-ndk-r9c/toolchains/arm-linux-androideabi-4.6/prebuilt/linux-x86/bin/../lib/gcc/arm-linux-androideabi/4.6/libgcc.a(_dvmd_lnx.o)
 .ARM.extab     0x00008e6c       0x24 /home/ubuntu/android-ndk-r9c/toolchains/arm-linux-androideabi-4.6/prebuilt/linux-x86/bin/../lib/gcc/arm-linux-androideabi/4.6/libgcc.a(unwind-arm.o)
 .ARM.extab     0x00008e90       0x18 /home/ubuntu/android-ndk-r9c/toolchains/arm-linux-androideabi-4.6/prebuilt/linux-x86/bin/../lib/gcc/arm-linux-androideabi/4.6/libgcc.a(pr-support.o)

.ARM.exidx      0x00008ea8       0xd8
 .ARM.exidx     0x00008ea8        0x8 /home/ubuntu/android-ndk-r9c/toolchains/arm-linux-androideabi-4.6/prebuilt/linux-x86/bin/../lib/gcc/arm-linux-androideabi/4.6/libgcc.a(_dvmd_lnx.o)
 .ARM.exidx     0xffffffffffffffff       0xb0 /home/ubuntu/android-ndk-r9c/toolchains/arm-linux-androideabi-4.6/prebuilt/linux-x86/bin/../lib/gcc/arm-linux-androideabi/4.6/libgcc.a(unwind-arm.o)
 ** ARM cantunwind
                0x00008f48        0x8
 .ARM.exidx     0xffffffffffffffff       0x38 /home/ubuntu/android-ndk-r9c/toolchains/arm-linux-androideabi-4.6/prebuilt/linux-x86/bin/../lib/gcc/arm-linux-androideabi/4.6/libgcc.a(pr-support.o)
 ** ARM cantunwind
                0x00008f78        0x8

.data.rel.ro.local
                0x0000adb8       0xd4
 .data.rel.ro.local
                0x0000adb8       0xc0 /home/ubuntu/Desktop/RockboxRCC/bu800/apps/plugins/imageviewer/png/png_decoder.o
 .data.rel.ro.local
                0x0000ae78       0x14 /home/ubuntu/Desktop/RockboxRCC/bu800/apps/plugins/imageviewer/png/png.o
                0x0000ae78                image_decoder

.fini_array     0x0000ae8c        0x8
 .fini_array    0x0000ae8c        0x4 /home/ubuntu/android-ndk-r9c/platforms/android-19/arch-arm/usr/lib/crtbegin_so.o
 .fini_array    0x0000ae90        0x4 /home/ubuntu/android-ndk-r9c/platforms/android-19/arch-arm/usr/lib/crtend_so.o

.data.rel.ro    0x0000ae94       0x2c
 .data.rel.ro   0x0000ae94       0x1c /home/ubuntu/Desktop/RockboxRCC/bu800/apps/plugins/imageviewer/png/png.o
                0x0000ae94                __header
 .data.rel.ro.format_native
                0x0000aeb0       0x10 /home/ubuntu/Desktop/RockboxRCC/bu800/apps/plugins/libplugin.a(pluginlib_resize.o)
                0x0000aeb0                format_native

.init_array     0x0000aec0        0x4
 .init_array    0x0000aec0        0x4 /home/ubuntu/android-ndk-r9c/platforms/android-19/arch-arm/usr/lib/crtend_so.o

.dynamic        0x0000aec4       0xe0
 ** dynamic     0x0000aec4       0xe0

.got            0x0000afa4       0x5c
 ** GOT         0x0000afa4       0x34
 ** GOT PLT     0x0000afd8       0x28

.data           0x0000b000      0x594
 .data          0x0000b000        0x4 /home/ubuntu/android-ndk-r9c/platforms/android-19/arch-arm/usr/lib/crtbegin_so.o
                0x0000b000                __dso_handle
 .data          0x0000b004        0x0 /home/ubuntu/Desktop/RockboxRCC/bu800/apps/plugins/imageviewer/png/crc32.o
 .data          0x0000b004      0x588 /home/ubuntu/Desktop/RockboxRCC/bu800/apps/plugins/imageviewer/png/tinflate.o
                0x0000b004                tbl
 .data          0x0000b58c        0x0 /home/ubuntu/Desktop/RockboxRCC/bu800/apps/plugins/imageviewer/png/tinfzlib.o
 .data          0x0000b58c        0x0 /home/ubuntu/Desktop/RockboxRCC/bu800/apps/plugins/imageviewer/png/png_decoder.o
 .data          0x0000b58c        0x8 /home/ubuntu/Desktop/RockboxRCC/bu800/apps/plugins/imageviewer/png/png.o
                0x0000b590                rb
                0x0000b58c                iv
 .data          0x0000b594        0x0 /home/ubuntu/Desktop/RockboxRCC/bu800/apps/plugins/libplugin.a(gcc-support.o)
 .data          0x0000b594        0x0 /home/ubuntu/Desktop/RockboxRCC/bu800/apps/plugins/libplugin.a(pluginlib_resize.o)
 .data          0x0000b594        0x0 /home/ubuntu/Desktop/RockboxRCC/bu800/apps/plugins/libplugin.a(pluginlib_bmp.o)
 .data          0x0000b594        0x0 /home/ubuntu/Desktop/RockboxRCC/bu800/apps/plugins/libplugin.a(bmp_smooth_scale.o)
 .data          0x0000b594        0x0 /home/ubuntu/android-ndk-r9c/toolchains/arm-linux-androideabi-4.6/prebuilt/linux-x86/bin/../lib/gcc/arm-linux-androideabi/4.6/libgcc.a(_udivsi3.o)
 .data          0x0000b594        0x0 /home/ubuntu/android-ndk-r9c/toolchains/arm-linux-androideabi-4.6/prebuilt/linux-x86/bin/../lib/gcc/arm-linux-androideabi/4.6/libgcc.a(_divsi3.o)
 .data          0x0000b594        0x0 /home/ubuntu/android-ndk-r9c/toolchains/arm-linux-androideabi-4.6/prebuilt/linux-x86/bin/../lib/gcc/arm-linux-androideabi/4.6/libgcc.a(_dvmd_lnx.o)
 .data          0x0000b594        0x0 /home/ubuntu/android-ndk-r9c/toolchains/arm-linux-androideabi-4.6/prebuilt/linux-x86/bin/../lib/gcc/arm-linux-androideabi/4.6/libgcc.a(unwind-arm.o)
 .data          0x0000b594        0x0 /home/ubuntu/android-ndk-r9c/toolchains/arm-linux-androideabi-4.6/prebuilt/linux-x86/bin/../lib/gcc/arm-linux-androideabi/4.6/libgcc.a(libunwind.o)
 .data          0x0000b594        0x0 /home/ubuntu/android-ndk-r9c/toolchains/arm-linux-androideabi-4.6/prebuilt/linux-x86/bin/../lib/gcc/arm-linux-androideabi/4.6/libgcc.a(pr-support.o)
 .data          0x0000b594        0x0 /home/ubuntu/android-ndk-r9c/platforms/android-19/arch-arm/usr/lib/crtend_so.o

.bss            0x0000b594      0x4a0
 .bss           0x0000b594        0x0 /home/ubuntu/android-ndk-r9c/platforms/android-19/arch-arm/usr/lib/crtbegin_so.o
 .bss           0x0000b594        0x0 /home/ubuntu/Desktop/RockboxRCC/bu800/apps/plugins/imageviewer/png/crc32.o
 .bss           0x0000b594        0x0 /home/ubuntu/Desktop/RockboxRCC/bu800/apps/plugins/imageviewer/png/tinflate.o
 .bss           0x0000b594        0x0 /home/ubuntu/Desktop/RockboxRCC/bu800/apps/plugins/imageviewer/png/tinfzlib.o
 .bss           0x0000b594        0x0 /home/ubuntu/Desktop/RockboxRCC/bu800/apps/plugins/imageviewer/png/png_decoder.o
 .bss           0x0000b594      0x4a0 /home/ubuntu/Desktop/RockboxRCC/bu800/apps/plugins/imageviewer/png/png.o
 .bss           0x0000ba34        0x0 /home/ubuntu/Desktop/RockboxRCC/bu800/apps/plugins/libplugin.a(gcc-support.o)
 .bss           0x0000ba34        0x0 /home/ubuntu/Desktop/RockboxRCC/bu800/apps/plugins/libplugin.a(pluginlib_resize.o)
 .bss           0x0000ba34        0x0 /home/ubuntu/Desktop/RockboxRCC/bu800/apps/plugins/libplugin.a(pluginlib_bmp.o)
 .bss           0x0000ba34        0x0 /home/ubuntu/Desktop/RockboxRCC/bu800/apps/plugins/libplugin.a(bmp_smooth_scale.o)
 .bss           0x0000ba34        0x0 /home/ubuntu/android-ndk-r9c/toolchains/arm-linux-androideabi-4.6/prebuilt/linux-x86/bin/../lib/gcc/arm-linux-androideabi/4.6/libgcc.a(_udivsi3.o)
 .bss           0x0000ba34        0x0 /home/ubuntu/android-ndk-r9c/toolchains/arm-linux-androideabi-4.6/prebuilt/linux-x86/bin/../lib/gcc/arm-linux-androideabi/4.6/libgcc.a(_divsi3.o)
 .bss           0x0000ba34        0x0 /home/ubuntu/android-ndk-r9c/toolchains/arm-linux-androideabi-4.6/prebuilt/linux-x86/bin/../lib/gcc/arm-linux-androideabi/4.6/libgcc.a(_dvmd_lnx.o)
 .bss           0x0000ba34        0x0 /home/ubuntu/android-ndk-r9c/toolchains/arm-linux-androideabi-4.6/prebuilt/linux-x86/bin/../lib/gcc/arm-linux-androideabi/4.6/libgcc.a(unwind-arm.o)
 .bss           0x0000ba34        0x0 /home/ubuntu/android-ndk-r9c/toolchains/arm-linux-androideabi-4.6/prebuilt/linux-x86/bin/../lib/gcc/arm-linux-androideabi/4.6/libgcc.a(libunwind.o)
 .bss           0x0000ba34        0x0 /home/ubuntu/android-ndk-r9c/toolchains/arm-linux-androideabi-4.6/prebuilt/linux-x86/bin/../lib/gcc/arm-linux-androideabi/4.6/libgcc.a(pr-support.o)
 .bss           0x0000ba34        0x0 /home/ubuntu/android-ndk-r9c/platforms/android-19/arch-arm/usr/lib/crtend_so.o
