Archive member included because of file (symbol)

/home/ubuntu/Desktop/RockboxRCC/bu800/lib/rbcodec/codecs/libffmpegFLAC.a(shndec.o)
                              /home/ubuntu/Desktop/RockboxRCC/bu800/lib/rbcodec/codecs/shorten.o (shorten_decode_frames)
/home/ubuntu/Desktop/RockboxRCC/bu800/lib/rbcodec/codecs/libcodec.a(codeclib.o)
                              /home/ubuntu/Desktop/RockboxRCC/bu800/lib/rbcodec/codecs/shorten.o (codec_init)
/home/ubuntu/android-ndk-r9c/toolchains/arm-linux-androideabi-4.6/prebuilt/linux-x86/bin/../lib/gcc/arm-linux-androideabi/4.6/libgcc.a(_udivsi3.o)
                              /home/ubuntu/Desktop/RockboxRCC/bu800/lib/rbcodec/codecs/shorten.o (__aeabi_uidiv)
/home/ubuntu/android-ndk-r9c/toolchains/arm-linux-androideabi-4.6/prebuilt/linux-x86/bin/../lib/gcc/arm-linux-androideabi/4.6/libgcc.a(_divsi3.o)
                              /home/ubuntu/Desktop/RockboxRCC/bu800/lib/rbcodec/codecs/libffmpegFLAC.a(shndec.o) (__aeabi_idiv)
/home/ubuntu/android-ndk-r9c/toolchains/arm-linux-androideabi-4.6/prebuilt/linux-x86/bin/../lib/gcc/arm-linux-androideabi/4.6/libgcc.a(_dvmd_lnx.o)
                              /home/ubuntu/android-ndk-r9c/toolchains/arm-linux-androideabi-4.6/prebuilt/linux-x86/bin/../lib/gcc/arm-linux-androideabi/4.6/libgcc.a(_udivsi3.o) (__aeabi_idiv0)
/home/ubuntu/android-ndk-r9c/toolchains/arm-linux-androideabi-4.6/prebuilt/linux-x86/bin/../lib/gcc/arm-linux-androideabi/4.6/libgcc.a(unwind-arm.o)
                              /home/ubuntu/android-ndk-r9c/toolchains/arm-linux-androideabi-4.6/prebuilt/linux-x86/bin/../lib/gcc/arm-linux-androideabi/4.6/libgcc.a(_dvmd_lnx.o) (__aeabi_unwind_cpp_pr1)
/home/ubuntu/android-ndk-r9c/toolchains/arm-linux-androideabi-4.6/prebuilt/linux-x86/bin/../lib/gcc/arm-linux-androideabi/4.6/libgcc.a(libunwind.o)
                              /home/ubuntu/android-ndk-r9c/toolchains/arm-linux-androideabi-4.6/prebuilt/linux-x86/bin/../lib/gcc/arm-linux-androideabi/4.6/libgcc.a(unwind-arm.o) (restore_core_regs)
/home/ubuntu/android-ndk-r9c/toolchains/arm-linux-androideabi-4.6/prebuilt/linux-x86/bin/../lib/gcc/arm-linux-androideabi/4.6/libgcc.a(pr-support.o)
                              /home/ubuntu/android-ndk-r9c/toolchains/arm-linux-androideabi-4.6/prebuilt/linux-x86/bin/../lib/gcc/arm-linux-androideabi/4.6/libgcc.a(unwind-arm.o) (__gnu_unwind_execute)

Discarded input sections

 .text          0x00000000       0x14 /home/ubuntu/android-ndk-r9c/platforms/android-19/arch-arm/usr/lib/crtbegin_so.o
 .bss           0x00000000        0x0 /home/ubuntu/android-ndk-r9c/platforms/android-19/arch-arm/usr/lib/crtbegin_so.o
 .note.GNU-stack
                0x00000000        0x0 /home/ubuntu/android-ndk-r9c/platforms/android-19/arch-arm/usr/lib/crtbegin_so.o
 .data          0x00000000        0x0 /home/ubuntu/Desktop/RockboxRCC/bu800/lib/rbcodec/codecs/shorten.o
 .note.GNU-stack
                0x00000000        0x0 /home/ubuntu/Desktop/RockboxRCC/bu800/lib/rbcodec/codecs/shorten.o
 .bss           0x00000000        0x0 /home/ubuntu/Desktop/RockboxRCC/bu800/lib/rbcodec/codecs/codec_crt0.o
 .note.GNU-stack
                0x00000000        0x0 /home/ubuntu/Desktop/RockboxRCC/bu800/lib/rbcodec/codecs/codec_crt0.o
 .data          0x00000000        0x0 /home/ubuntu/Desktop/RockboxRCC/bu800/lib/rbcodec/codecs/libffmpegFLAC.a(shndec.o)
 .bss           0x00000000        0x0 /home/ubuntu/Desktop/RockboxRCC/bu800/lib/rbcodec/codecs/libffmpegFLAC.a(shndec.o)
 .note.GNU-stack
                0x00000000        0x0 /home/ubuntu/Desktop/RockboxRCC/bu800/lib/rbcodec/codecs/libffmpegFLAC.a(shndec.o)
 .text          0x00000000        0x0 /home/ubuntu/Desktop/RockboxRCC/bu800/lib/rbcodec/codecs/libcodec.a(codeclib.o)
 .data          0x00000000        0x0 /home/ubuntu/Desktop/RockboxRCC/bu800/lib/rbcodec/codecs/libcodec.a(codeclib.o)
 .note.GNU-stack
                0x00000000        0x0 /home/ubuntu/Desktop/RockboxRCC/bu800/lib/rbcodec/codecs/libcodec.a(codeclib.o)
 .data          0x00000000        0x0 /home/ubuntu/android-ndk-r9c/toolchains/arm-linux-androideabi-4.6/prebuilt/linux-x86/bin/../lib/gcc/arm-linux-androideabi/4.6/libgcc.a(_udivsi3.o)
 .bss           0x00000000        0x0 /home/ubuntu/android-ndk-r9c/toolchains/arm-linux-androideabi-4.6/prebuilt/linux-x86/bin/../lib/gcc/arm-linux-androideabi/4.6/libgcc.a(_udivsi3.o)
 .note.GNU-stack
                0x00000000        0x0 /home/ubuntu/android-ndk-r9c/toolchains/arm-linux-androideabi-4.6/prebuilt/linux-x86/bin/../lib/gcc/arm-linux-androideabi/4.6/libgcc.a(_udivsi3.o)
 .data          0x00000000        0x0 /home/ubuntu/android-ndk-r9c/toolchains/arm-linux-androideabi-4.6/prebuilt/linux-x86/bin/../lib/gcc/arm-linux-androideabi/4.6/libgcc.a(_divsi3.o)
 .bss           0x00000000        0x0 /home/ubuntu/android-ndk-r9c/toolchains/arm-linux-androideabi-4.6/prebuilt/linux-x86/bin/../lib/gcc/arm-linux-androideabi/4.6/libgcc.a(_divsi3.o)
 .note.GNU-stack
                0x00000000        0x0 /home/ubuntu/android-ndk-r9c/toolchains/arm-linux-androideabi-4.6/prebuilt/linux-x86/bin/../lib/gcc/arm-linux-androideabi/4.6/libgcc.a(_divsi3.o)
 .data          0x00000000        0x0 /home/ubuntu/android-ndk-r9c/toolchains/arm-linux-androideabi-4.6/prebuilt/linux-x86/bin/../lib/gcc/arm-linux-androideabi/4.6/libgcc.a(_dvmd_lnx.o)
 .bss           0x00000000        0x0 /home/ubuntu/android-ndk-r9c/toolchains/arm-linux-androideabi-4.6/prebuilt/linux-x86/bin/../lib/gcc/arm-linux-androideabi/4.6/libgcc.a(_dvmd_lnx.o)
 .note.GNU-stack
                0x00000000        0x0 /home/ubuntu/android-ndk-r9c/toolchains/arm-linux-androideabi-4.6/prebuilt/linux-x86/bin/../lib/gcc/arm-linux-androideabi/4.6/libgcc.a(_dvmd_lnx.o)
 .data          0x00000000        0x0 /home/ubuntu/android-ndk-r9c/toolchains/arm-linux-androideabi-4.6/prebuilt/linux-x86/bin/../lib/gcc/arm-linux-androideabi/4.6/libgcc.a(unwind-arm.o)
 .bss           0x00000000        0x0 /home/ubuntu/android-ndk-r9c/toolchains/arm-linux-androideabi-4.6/prebuilt/linux-x86/bin/../lib/gcc/arm-linux-androideabi/4.6/libgcc.a(unwind-arm.o)
 .note.GNU-stack
                0x00000000        0x0 /home/ubuntu/android-ndk-r9c/toolchains/arm-linux-androideabi-4.6/prebuilt/linux-x86/bin/../lib/gcc/arm-linux-androideabi/4.6/libgcc.a(unwind-arm.o)
 .data          0x00000000        0x0 /home/ubuntu/android-ndk-r9c/toolchains/arm-linux-androideabi-4.6/prebuilt/linux-x86/bin/../lib/gcc/arm-linux-androideabi/4.6/libgcc.a(libunwind.o)
 .bss           0x00000000        0x0 /home/ubuntu/android-ndk-r9c/toolchains/arm-linux-androideabi-4.6/prebuilt/linux-x86/bin/../lib/gcc/arm-linux-androideabi/4.6/libgcc.a(libunwind.o)
 .note.GNU-stack
                0x00000000        0x0 /home/ubuntu/android-ndk-r9c/toolchains/arm-linux-androideabi-4.6/prebuilt/linux-x86/bin/../lib/gcc/arm-linux-androideabi/4.6/libgcc.a(libunwind.o)
 .data          0x00000000        0x0 /home/ubuntu/android-ndk-r9c/toolchains/arm-linux-androideabi-4.6/prebuilt/linux-x86/bin/../lib/gcc/arm-linux-androideabi/4.6/libgcc.a(pr-support.o)
 .bss           0x00000000        0x0 /home/ubuntu/android-ndk-r9c/toolchains/arm-linux-androideabi-4.6/prebuilt/linux-x86/bin/../lib/gcc/arm-linux-androideabi/4.6/libgcc.a(pr-support.o)
 .note.GNU-stack
                0x00000000        0x0 /home/ubuntu/android-ndk-r9c/toolchains/arm-linux-androideabi-4.6/prebuilt/linux-x86/bin/../lib/gcc/arm-linux-androideabi/4.6/libgcc.a(pr-support.o)
 .text          0x00000000        0x0 /home/ubuntu/android-ndk-r9c/platforms/android-19/arch-arm/usr/lib/crtend_so.o
 .data          0x00000000        0x0 /home/ubuntu/android-ndk-r9c/platforms/android-19/arch-arm/usr/lib/crtend_so.o
 .bss           0x00000000        0x0 /home/ubuntu/android-ndk-r9c/platforms/android-19/arch-arm/usr/lib/crtend_so.o
 .note.GNU-stack
                0x00000000        0x0 /home/ubuntu/android-ndk-r9c/platforms/android-19/arch-arm/usr/lib/crtend_so.o

Memory map

 ** file header
                0x00000000       0x34
 ** segment headers
                0x00000034       0xe0

.dynsym         0x00000114      0x580
 ** dynsym      0x00000114      0x580

.dynstr         0x00000694      0x5dc
 ** string table
                0x00000694      0x5dc

.hash           0x00000c70      0x274
 ** hash        0x00000c70      0x274

.rel.dyn        0x00000ee4       0x60
 ** dynamic relocs
                0x00000ee4       0x60

.rel.plt        0x00000f44       0x30
 ** dynamic relocs
                0x00000f44       0x30

.plt            0x00000f74       0x5c
 ** PLT         0x00000f74       0x5c

.text           0x00000fd0     0x3b38
 .text.exit     0x00000fd0       0x10 /home/ubuntu/android-ndk-r9c/platforms/android-19/arch-arm/usr/lib/crtbegin_so.o
                0x00000fd0                __on_dlclose
 .text          0x00000fe0      0x4fc /home/ubuntu/Desktop/RockboxRCC/bu800/lib/rbcodec/codecs/shorten.o
                0x00000fe0                codec_run
                0x00001494                codec_main
 .text          0x000014dc       0x14 /home/ubuntu/Desktop/RockboxRCC/bu800/lib/rbcodec/codecs/codec_crt0.o
                0x000014dc                _start
                0x000014e4                codec_start
 .text          0x000014f0     0x1d6c /home/ubuntu/Desktop/RockboxRCC/bu800/lib/rbcodec/codecs/libffmpegFLAC.a(shndec.o)
                0x0000179c                shorten_decode_frames
                0x00002a2c                shorten_init
 .text.codec_init
                0x0000325c       0x40 /home/ubuntu/Desktop/RockboxRCC/bu800/lib/rbcodec/codecs/libcodec.a(codeclib.o)
                0x0000325c                codec_init
 .text.codec_set_replaygain
                0x0000329c       0x50 /home/ubuntu/Desktop/RockboxRCC/bu800/lib/rbcodec/codecs/libcodec.a(codeclib.o)
                0x0000329c                codec_set_replaygain
 .text.codec_malloc
                0x000032ec       0x54 /home/ubuntu/Desktop/RockboxRCC/bu800/lib/rbcodec/codecs/libcodec.a(codeclib.o)
                0x000032ec                codec_malloc
 .text.codec_calloc
                0x00003340       0x44 /home/ubuntu/Desktop/RockboxRCC/bu800/lib/rbcodec/codecs/libcodec.a(codeclib.o)
                0x00003340                codec_calloc
 .text.codec_free
                0x00003384        0x4 /home/ubuntu/Desktop/RockboxRCC/bu800/lib/rbcodec/codecs/libcodec.a(codeclib.o)
                0x00003384                codec_free
 .text.codec_realloc
                0x00003388       0x48 /home/ubuntu/Desktop/RockboxRCC/bu800/lib/rbcodec/codecs/libcodec.a(codeclib.o)
                0x00003388                codec_realloc
 .text.strlen   0x000033d0       0x20 /home/ubuntu/Desktop/RockboxRCC/bu800/lib/rbcodec/codecs/libcodec.a(codeclib.o)
                0x000033d0                strlen
 .text.strcpy   0x000033f0       0x20 /home/ubuntu/Desktop/RockboxRCC/bu800/lib/rbcodec/codecs/libcodec.a(codeclib.o)
                0x000033f0                strcpy
 .text.strcat   0x00003410       0x20 /home/ubuntu/Desktop/RockboxRCC/bu800/lib/rbcodec/codecs/libcodec.a(codeclib.o)
                0x00003410                strcat
 .text.strcmp   0x00003430       0x20 /home/ubuntu/Desktop/RockboxRCC/bu800/lib/rbcodec/codecs/libcodec.a(codeclib.o)
                0x00003430                strcmp
 .text.memcpy   0x00003450       0x20 /home/ubuntu/Desktop/RockboxRCC/bu800/lib/rbcodec/codecs/libcodec.a(codeclib.o)
                0x00003450                memcpy
 .text.memset   0x00003470       0x20 /home/ubuntu/Desktop/RockboxRCC/bu800/lib/rbcodec/codecs/libcodec.a(codeclib.o)
                0x00003470                memset
 .text.memcmp   0x00003490       0x20 /home/ubuntu/Desktop/RockboxRCC/bu800/lib/rbcodec/codecs/libcodec.a(codeclib.o)
                0x00003490                memcmp
 .text.memchr   0x000034b0       0x20 /home/ubuntu/Desktop/RockboxRCC/bu800/lib/rbcodec/codecs/libcodec.a(codeclib.o)
                0x000034b0                memchr
 .text.memmove  0x000034d0       0x20 /home/ubuntu/Desktop/RockboxRCC/bu800/lib/rbcodec/codecs/libcodec.a(codeclib.o)
                0x000034d0                memmove
 .text.qsort    0x000034f0       0x20 /home/ubuntu/Desktop/RockboxRCC/bu800/lib/rbcodec/codecs/libcodec.a(codeclib.o)
                0x000034f0                qsort
 .text          0x00003510       0xc8 /home/ubuntu/android-ndk-r9c/toolchains/arm-linux-androideabi-4.6/prebuilt/linux-x86/bin/../lib/gcc/arm-linux-androideabi/4.6/libgcc.a(_udivsi3.o)
                0x00003510                __udivsi3
                0x00003510                __aeabi_uidiv
                0x000035b8                __aeabi_uidivmod
 .text          0x000035d8       0xfc /home/ubuntu/android-ndk-r9c/toolchains/arm-linux-androideabi-4.6/prebuilt/linux-x86/bin/../lib/gcc/arm-linux-androideabi/4.6/libgcc.a(_divsi3.o)
                0x000035d8                __divsi3
                0x000035d8                __aeabi_idiv
                0x000036b4                __aeabi_idivmod
 .text          0x000036d4       0x10 /home/ubuntu/android-ndk-r9c/toolchains/arm-linux-androideabi-4.6/prebuilt/linux-x86/bin/../lib/gcc/arm-linux-androideabi/4.6/libgcc.a(_dvmd_lnx.o)
                0x000036d4                __aeabi_idiv0
                0x000036d4                __aeabi_ldiv0
 .text          0x000036e4      0xddc /home/ubuntu/android-ndk-r9c/toolchains/arm-linux-androideabi-4.6/prebuilt/linux-x86/bin/../lib/gcc/arm-linux-androideabi/4.6/libgcc.a(unwind-arm.o)
                0x00003f28                __aeabi_unwind_cpp_pr0
                0x00003f20                __aeabi_unwind_cpp_pr1
                0x00003f18                __aeabi_unwind_cpp_pr2
                0x00003aa8                _Unwind_VRS_Get
                0x00003b14                _Unwind_VRS_Set
                0x00003f30                _Unwind_VRS_Pop
                0x00004288                _Unwind_GetCFA
                0x00004290                __gnu_Unwind_RaiseException
                0x00004334                __gnu_Unwind_ForcedUnwind
                0x00004350                __gnu_Unwind_Resume
                0x000043bc                __gnu_Unwind_Resume_or_Rethrow
                0x000043dc                _Unwind_Complete
                0x000043e0                _Unwind_DeleteException
                0x00004400                __gnu_Unwind_Backtrace
 .text          0x000044c0      0x1a8 /home/ubuntu/android-ndk-r9c/toolchains/arm-linux-androideabi-4.6/prebuilt/linux-x86/bin/../lib/gcc/arm-linux-androideabi/4.6/libgcc.a(libunwind.o)
                0x000044c0                __restore_core_regs
                0x000044c0                restore_core_regs
                0x000044d4                __gnu_Unwind_Restore_VFP
                0x000044dc                __gnu_Unwind_Save_VFP
                0x000044e4                __gnu_Unwind_Restore_VFP_D
                0x000044ec                __gnu_Unwind_Save_VFP_D
                0x000044f4                __gnu_Unwind_Restore_VFP_D_16_to_31
                0x000044fc                __gnu_Unwind_Save_VFP_D_16_to_31
                0x00004504                __gnu_Unwind_Restore_WMMXD
                0x00004548                __gnu_Unwind_Save_WMMXD
                0x0000458c                __gnu_Unwind_Restore_WMMXC
                0x000045a0                __gnu_Unwind_Save_WMMXC
                0x000045b4                ___Unwind_RaiseException
                0x000045b4                _Unwind_RaiseException
                0x000045d8                ___Unwind_Resume
                0x000045d8                _Unwind_Resume
                0x000045fc                ___Unwind_Resume_or_Rethrow
                0x000045fc                _Unwind_Resume_or_Rethrow
                0x00004620                ___Unwind_ForcedUnwind
                0x00004620                _Unwind_ForcedUnwind
                0x00004644                ___Unwind_Backtrace
                0x00004644                _Unwind_Backtrace
 .text          0xffffffffffffffff      0x4a0 /home/ubuntu/android-ndk-r9c/toolchains/arm-linux-androideabi-4.6/prebuilt/linux-x86/bin/../lib/gcc/arm-linux-androideabi/4.6/libgcc.a(pr-support.o)
                0x000046c0                __gnu_unwind_execute
                0x00004a54                __gnu_unwind_frame
                0x00004a94                _Unwind_GetRegionStart
                0x00004ac0                _Unwind_GetLanguageSpecificData
                0x00004af8                _Unwind_GetDataRelBase
                0x00004b00                _Unwind_GetTextRelBase

.rodata         0x00004b08      0x200
 .rodata        0x00004b08      0x200 /home/ubuntu/Desktop/RockboxRCC/bu800/lib/rbcodec/codecs/libcodec.a(codeclib.o)
                0x00004b08                bs_clz_tab
                0x00004c08                bs_log2_tab

.ARM.extab      0x00004d08       0x48
 .ARM.extab     0x00004d08        0xc /home/ubuntu/android-ndk-r9c/toolchains/arm-linux-androideabi-4.6/prebuilt/linux-x86/bin/../lib/gcc/arm-linux-androideabi/4.6/libgcc.a(_dvmd_lnx.o)
 .ARM.extab     0x00004d14       0x24 /home/ubuntu/android-ndk-r9c/toolchains/arm-linux-androideabi-4.6/prebuilt/linux-x86/bin/../lib/gcc/arm-linux-androideabi/4.6/libgcc.a(unwind-arm.o)
 .ARM.extab     0x00004d38       0x18 /home/ubuntu/android-ndk-r9c/toolchains/arm-linux-androideabi-4.6/prebuilt/linux-x86/bin/../lib/gcc/arm-linux-androideabi/4.6/libgcc.a(pr-support.o)

.ARM.exidx      0x00004d50       0xd8
 .ARM.exidx     0x00004d50        0x8 /home/ubuntu/android-ndk-r9c/toolchains/arm-linux-androideabi-4.6/prebuilt/linux-x86/bin/../lib/gcc/arm-linux-androideabi/4.6/libgcc.a(_dvmd_lnx.o)
 .ARM.exidx     0xffffffffffffffff       0xb0 /home/ubuntu/android-ndk-r9c/toolchains/arm-linux-androideabi-4.6/prebuilt/linux-x86/bin/../lib/gcc/arm-linux-androideabi/4.6/libgcc.a(unwind-arm.o)
 ** ARM cantunwind
                0x00004df0        0x8
 .ARM.exidx     0xffffffffffffffff       0x38 /home/ubuntu/android-ndk-r9c/toolchains/arm-linux-androideabi-4.6/prebuilt/linux-x86/bin/../lib/gcc/arm-linux-androideabi/4.6/libgcc.a(pr-support.o)
 ** ARM cantunwind
                0x00004e20        0x8

.fini_array     0x00005eb4        0x8
 .fini_array    0x00005eb4        0x4 /home/ubuntu/android-ndk-r9c/platforms/android-19/arch-arm/usr/lib/crtbegin_so.o
 .fini_array    0x00005eb8        0x4 /home/ubuntu/android-ndk-r9c/platforms/android-19/arch-arm/usr/lib/crtend_so.o

.data.rel.ro    0x00005ebc       0x1c
 .data.rel.ro   0x00005ebc       0x1c /home/ubuntu/Desktop/RockboxRCC/bu800/lib/rbcodec/codecs/shorten.o
                0x00005ebc                __header

.init_array     0x00005ed8        0x4
 .init_array    0x00005ed8        0x4 /home/ubuntu/android-ndk-r9c/platforms/android-19/arch-arm/usr/lib/crtend_so.o

.dynamic        0x00005edc       0xe0
 ** dynamic     0x00005edc       0xe0

.got            0x00005fbc       0x44
 ** GOT         0x00005fbc       0x20
 ** GOT PLT     0x00005fdc       0x24

.data           0x00006000        0x8
 .data          0x00006000        0x4 /home/ubuntu/android-ndk-r9c/platforms/android-19/arch-arm/usr/lib/crtbegin_so.o
                0x00006000                __dso_handle
 .data          0x00006004        0x4 /home/ubuntu/Desktop/RockboxRCC/bu800/lib/rbcodec/codecs/codec_crt0.o
                0x00006004                ci

.bss            0x00006008     0x9cac
 .bss           0x00006008     0x9ca0 /home/ubuntu/Desktop/RockboxRCC/bu800/lib/rbcodec/codecs/shorten.o
 .bss           0x0000fca8        0xc /home/ubuntu/Desktop/RockboxRCC/bu800/lib/rbcodec/codecs/libcodec.a(codeclib.o)
