Archive member included because of file (symbol)

/home/ubuntu/Desktop/RockboxRCC/bu800/lib/rbcodec/codecs/libwmapro.a(wmaprodec.o)
                              /home/ubuntu/Desktop/RockboxRCC/bu800/lib/rbcodec/codecs/wmapro.o (decode_init)
/home/ubuntu/Desktop/RockboxRCC/bu800/lib/rbcodec/codecs/libwmapro.a(wma.o)
                              /home/ubuntu/Desktop/RockboxRCC/bu800/lib/rbcodec/codecs/libwmapro.a(wmaprodec.o) (ff_wma_get_frame_len_bits)
/home/ubuntu/Desktop/RockboxRCC/bu800/lib/rbcodec/codecs/libwmapro.a(mdct_tables.o)
                              /home/ubuntu/Desktop/RockboxRCC/bu800/lib/rbcodec/codecs/libwmapro.a(wmaprodec.o) (sine_windows)
/home/ubuntu/Desktop/RockboxRCC/bu800/lib/rbcodec/codecs/libwmapro.a(ffmpeg_bitstream.o)
                              /home/ubuntu/Desktop/RockboxRCC/bu800/lib/rbcodec/codecs/libwmapro.a(wmaprodec.o) (ff_copy_bits)
/home/ubuntu/Desktop/RockboxRCC/bu800/lib/rbcodec/codecs/libasf.a(asf.o)
                              /home/ubuntu/Desktop/RockboxRCC/bu800/lib/rbcodec/codecs/wmapro.o (asf_read_packet)
/home/ubuntu/Desktop/RockboxRCC/bu800/lib/rbcodec/codecs/libcodec.a(codeclib.o)
                              /home/ubuntu/Desktop/RockboxRCC/bu800/lib/rbcodec/codecs/wmapro.o (codec_init)
/home/ubuntu/Desktop/RockboxRCC/bu800/lib/rbcodec/codecs/libcodec.a(mdct.o)
                              /home/ubuntu/Desktop/RockboxRCC/bu800/lib/rbcodec/codecs/libwmapro.a(wmaprodec.o) (ff_imdct_half)
/home/ubuntu/Desktop/RockboxRCC/bu800/lib/rbcodec/codecs/libcodec.a(mdct_lookup.o)
                              /home/ubuntu/Desktop/RockboxRCC/bu800/lib/rbcodec/codecs/libcodec.a(mdct.o) (revtab)
/home/ubuntu/Desktop/RockboxRCC/bu800/lib/rbcodec/codecs/libcodec.a(fft-ffmpeg.o)
                              /home/ubuntu/Desktop/RockboxRCC/bu800/lib/rbcodec/codecs/libcodec.a(mdct.o) (ff_fft_calc_c)
/home/ubuntu/android-ndk-r9c/toolchains/arm-linux-androideabi-4.6/prebuilt/linux-x86/bin/../lib/gcc/arm-linux-androideabi/4.6/libgcc.a(_udivsi3.o)
                              /home/ubuntu/Desktop/RockboxRCC/bu800/lib/rbcodec/codecs/wmapro.o (__aeabi_uidiv)
/home/ubuntu/android-ndk-r9c/toolchains/arm-linux-androideabi-4.6/prebuilt/linux-x86/bin/../lib/gcc/arm-linux-androideabi/4.6/libgcc.a(_divsi3.o)
                              /home/ubuntu/Desktop/RockboxRCC/bu800/lib/rbcodec/codecs/wmapro.o (__aeabi_idiv)
/home/ubuntu/android-ndk-r9c/toolchains/arm-linux-androideabi-4.6/prebuilt/linux-x86/bin/../lib/gcc/arm-linux-androideabi/4.6/libgcc.a(_aeabi_ldivmod.o)
                              /home/ubuntu/Desktop/RockboxRCC/bu800/lib/rbcodec/codecs/libasf.a(asf.o) (__aeabi_ldivmod)
/home/ubuntu/android-ndk-r9c/toolchains/arm-linux-androideabi-4.6/prebuilt/linux-x86/bin/../lib/gcc/arm-linux-androideabi/4.6/libgcc.a(_dvmd_lnx.o)
                              /home/ubuntu/android-ndk-r9c/toolchains/arm-linux-androideabi-4.6/prebuilt/linux-x86/bin/../lib/gcc/arm-linux-androideabi/4.6/libgcc.a(_udivsi3.o) (__aeabi_idiv0)
/home/ubuntu/android-ndk-r9c/toolchains/arm-linux-androideabi-4.6/prebuilt/linux-x86/bin/../lib/gcc/arm-linux-androideabi/4.6/libgcc.a(bpabi.o)
                              /home/ubuntu/android-ndk-r9c/toolchains/arm-linux-androideabi-4.6/prebuilt/linux-x86/bin/../lib/gcc/arm-linux-androideabi/4.6/libgcc.a(_aeabi_ldivmod.o) (__gnu_ldivmod_helper)
/home/ubuntu/android-ndk-r9c/toolchains/arm-linux-androideabi-4.6/prebuilt/linux-x86/bin/../lib/gcc/arm-linux-androideabi/4.6/libgcc.a(unwind-arm.o)
                              /home/ubuntu/android-ndk-r9c/toolchains/arm-linux-androideabi-4.6/prebuilt/linux-x86/bin/../lib/gcc/arm-linux-androideabi/4.6/libgcc.a(bpabi.o) (__aeabi_unwind_cpp_pr0)
/home/ubuntu/android-ndk-r9c/toolchains/arm-linux-androideabi-4.6/prebuilt/linux-x86/bin/../lib/gcc/arm-linux-androideabi/4.6/libgcc.a(libunwind.o)
                              /home/ubuntu/android-ndk-r9c/toolchains/arm-linux-androideabi-4.6/prebuilt/linux-x86/bin/../lib/gcc/arm-linux-androideabi/4.6/libgcc.a(unwind-arm.o) (restore_core_regs)
/home/ubuntu/android-ndk-r9c/toolchains/arm-linux-androideabi-4.6/prebuilt/linux-x86/bin/../lib/gcc/arm-linux-androideabi/4.6/libgcc.a(pr-support.o)
                              /home/ubuntu/android-ndk-r9c/toolchains/arm-linux-androideabi-4.6/prebuilt/linux-x86/bin/../lib/gcc/arm-linux-androideabi/4.6/libgcc.a(unwind-arm.o) (__gnu_unwind_execute)
/home/ubuntu/android-ndk-r9c/toolchains/arm-linux-androideabi-4.6/prebuilt/linux-x86/bin/../lib/gcc/arm-linux-androideabi/4.6/libgcc.a(_divdi3.o)
                              /home/ubuntu/android-ndk-r9c/toolchains/arm-linux-androideabi-4.6/prebuilt/linux-x86/bin/../lib/gcc/arm-linux-androideabi/4.6/libgcc.a(bpabi.o) (__divdi3)
/home/ubuntu/android-ndk-r9c/toolchains/arm-linux-androideabi-4.6/prebuilt/linux-x86/bin/../lib/gcc/arm-linux-androideabi/4.6/libgcc.a(_udivdi3.o)
                              /home/ubuntu/android-ndk-r9c/toolchains/arm-linux-androideabi-4.6/prebuilt/linux-x86/bin/../lib/gcc/arm-linux-androideabi/4.6/libgcc.a(bpabi.o) (__udivdi3)

Discarded input sections

 .text          0x00000000       0x14 /home/ubuntu/android-ndk-r9c/platforms/android-19/arch-arm/usr/lib/crtbegin_so.o
 .bss           0x00000000        0x0 /home/ubuntu/android-ndk-r9c/platforms/android-19/arch-arm/usr/lib/crtbegin_so.o
 .note.GNU-stack
                0x00000000        0x0 /home/ubuntu/android-ndk-r9c/platforms/android-19/arch-arm/usr/lib/crtbegin_so.o
 .data          0x00000000        0x0 /home/ubuntu/Desktop/RockboxRCC/bu800/lib/rbcodec/codecs/wmapro.o
 .note.GNU-stack
                0x00000000        0x0 /home/ubuntu/Desktop/RockboxRCC/bu800/lib/rbcodec/codecs/wmapro.o
 .bss           0x00000000        0x0 /home/ubuntu/Desktop/RockboxRCC/bu800/lib/rbcodec/codecs/codec_crt0.o
 .note.GNU-stack
                0x00000000        0x0 /home/ubuntu/Desktop/RockboxRCC/bu800/lib/rbcodec/codecs/codec_crt0.o
 .data          0x00000000        0x0 /home/ubuntu/Desktop/RockboxRCC/bu800/lib/rbcodec/codecs/libwmapro.a(wmaprodec.o)
 .note.GNU-stack
                0x00000000        0x0 /home/ubuntu/Desktop/RockboxRCC/bu800/lib/rbcodec/codecs/libwmapro.a(wmaprodec.o)
 .data          0x00000000        0x0 /home/ubuntu/Desktop/RockboxRCC/bu800/lib/rbcodec/codecs/libwmapro.a(wma.o)
 .bss           0x00000000        0x0 /home/ubuntu/Desktop/RockboxRCC/bu800/lib/rbcodec/codecs/libwmapro.a(wma.o)
 .note.GNU-stack
                0x00000000        0x0 /home/ubuntu/Desktop/RockboxRCC/bu800/lib/rbcodec/codecs/libwmapro.a(wma.o)
 .text          0x00000000        0x0 /home/ubuntu/Desktop/RockboxRCC/bu800/lib/rbcodec/codecs/libwmapro.a(mdct_tables.o)
 .data          0x00000000        0x0 /home/ubuntu/Desktop/RockboxRCC/bu800/lib/rbcodec/codecs/libwmapro.a(mdct_tables.o)
 .bss           0x00000000        0x0 /home/ubuntu/Desktop/RockboxRCC/bu800/lib/rbcodec/codecs/libwmapro.a(mdct_tables.o)
 .note.GNU-stack
                0x00000000        0x0 /home/ubuntu/Desktop/RockboxRCC/bu800/lib/rbcodec/codecs/libwmapro.a(mdct_tables.o)
 .text          0x00000000        0x0 /home/ubuntu/Desktop/RockboxRCC/bu800/lib/rbcodec/codecs/libwmapro.a(ffmpeg_bitstream.o)
 .data          0x00000000        0x0 /home/ubuntu/Desktop/RockboxRCC/bu800/lib/rbcodec/codecs/libwmapro.a(ffmpeg_bitstream.o)
 .note.GNU-stack
                0x00000000        0x0 /home/ubuntu/Desktop/RockboxRCC/bu800/lib/rbcodec/codecs/libwmapro.a(ffmpeg_bitstream.o)
 .data          0x00000000        0x0 /home/ubuntu/Desktop/RockboxRCC/bu800/lib/rbcodec/codecs/libasf.a(asf.o)
 .note.GNU-stack
                0x00000000        0x0 /home/ubuntu/Desktop/RockboxRCC/bu800/lib/rbcodec/codecs/libasf.a(asf.o)
 .text          0x00000000        0x0 /home/ubuntu/Desktop/RockboxRCC/bu800/lib/rbcodec/codecs/libcodec.a(codeclib.o)
 .data          0x00000000        0x0 /home/ubuntu/Desktop/RockboxRCC/bu800/lib/rbcodec/codecs/libcodec.a(codeclib.o)
 .note.GNU-stack
                0x00000000        0x0 /home/ubuntu/Desktop/RockboxRCC/bu800/lib/rbcodec/codecs/libcodec.a(codeclib.o)
 .text          0x00000000        0x0 /home/ubuntu/Desktop/RockboxRCC/bu800/lib/rbcodec/codecs/libcodec.a(mdct.o)
 .data          0x00000000        0x0 /home/ubuntu/Desktop/RockboxRCC/bu800/lib/rbcodec/codecs/libcodec.a(mdct.o)
 .bss           0x00000000        0x0 /home/ubuntu/Desktop/RockboxRCC/bu800/lib/rbcodec/codecs/libcodec.a(mdct.o)
 .note.GNU-stack
                0x00000000        0x0 /home/ubuntu/Desktop/RockboxRCC/bu800/lib/rbcodec/codecs/libcodec.a(mdct.o)
 .text          0x00000000        0x0 /home/ubuntu/Desktop/RockboxRCC/bu800/lib/rbcodec/codecs/libcodec.a(mdct_lookup.o)
 .data          0x00000000        0x0 /home/ubuntu/Desktop/RockboxRCC/bu800/lib/rbcodec/codecs/libcodec.a(mdct_lookup.o)
 .bss           0x00000000        0x0 /home/ubuntu/Desktop/RockboxRCC/bu800/lib/rbcodec/codecs/libcodec.a(mdct_lookup.o)
 .note.GNU-stack
                0x00000000        0x0 /home/ubuntu/Desktop/RockboxRCC/bu800/lib/rbcodec/codecs/libcodec.a(mdct_lookup.o)
 .text          0x00000000        0x0 /home/ubuntu/Desktop/RockboxRCC/bu800/lib/rbcodec/codecs/libcodec.a(fft-ffmpeg.o)
 .data          0x00000000        0x0 /home/ubuntu/Desktop/RockboxRCC/bu800/lib/rbcodec/codecs/libcodec.a(fft-ffmpeg.o)
 .bss           0x00000000        0x0 /home/ubuntu/Desktop/RockboxRCC/bu800/lib/rbcodec/codecs/libcodec.a(fft-ffmpeg.o)
 .note.GNU-stack
                0x00000000        0x0 /home/ubuntu/Desktop/RockboxRCC/bu800/lib/rbcodec/codecs/libcodec.a(fft-ffmpeg.o)
 .data          0x00000000        0x0 /home/ubuntu/android-ndk-r9c/toolchains/arm-linux-androideabi-4.6/prebuilt/linux-x86/bin/../lib/gcc/arm-linux-androideabi/4.6/libgcc.a(_udivsi3.o)
 .bss           0x00000000        0x0 /home/ubuntu/android-ndk-r9c/toolchains/arm-linux-androideabi-4.6/prebuilt/linux-x86/bin/../lib/gcc/arm-linux-androideabi/4.6/libgcc.a(_udivsi3.o)
 .note.GNU-stack
                0x00000000        0x0 /home/ubuntu/android-ndk-r9c/toolchains/arm-linux-androideabi-4.6/prebuilt/linux-x86/bin/../lib/gcc/arm-linux-androideabi/4.6/libgcc.a(_udivsi3.o)
 .data          0x00000000        0x0 /home/ubuntu/android-ndk-r9c/toolchains/arm-linux-androideabi-4.6/prebuilt/linux-x86/bin/../lib/gcc/arm-linux-androideabi/4.6/libgcc.a(_divsi3.o)
 .bss           0x00000000        0x0 /home/ubuntu/android-ndk-r9c/toolchains/arm-linux-androideabi-4.6/prebuilt/linux-x86/bin/../lib/gcc/arm-linux-androideabi/4.6/libgcc.a(_divsi3.o)
 .note.GNU-stack
                0x00000000        0x0 /home/ubuntu/android-ndk-r9c/toolchains/arm-linux-androideabi-4.6/prebuilt/linux-x86/bin/../lib/gcc/arm-linux-androideabi/4.6/libgcc.a(_divsi3.o)
 .data          0x00000000        0x0 /home/ubuntu/android-ndk-r9c/toolchains/arm-linux-androideabi-4.6/prebuilt/linux-x86/bin/../lib/gcc/arm-linux-androideabi/4.6/libgcc.a(_aeabi_ldivmod.o)
 .bss           0x00000000        0x0 /home/ubuntu/android-ndk-r9c/toolchains/arm-linux-androideabi-4.6/prebuilt/linux-x86/bin/../lib/gcc/arm-linux-androideabi/4.6/libgcc.a(_aeabi_ldivmod.o)
 .note.GNU-stack
                0x00000000        0x0 /home/ubuntu/android-ndk-r9c/toolchains/arm-linux-androideabi-4.6/prebuilt/linux-x86/bin/../lib/gcc/arm-linux-androideabi/4.6/libgcc.a(_aeabi_ldivmod.o)
 .data          0x00000000        0x0 /home/ubuntu/android-ndk-r9c/toolchains/arm-linux-androideabi-4.6/prebuilt/linux-x86/bin/../lib/gcc/arm-linux-androideabi/4.6/libgcc.a(_dvmd_lnx.o)
 .bss           0x00000000        0x0 /home/ubuntu/android-ndk-r9c/toolchains/arm-linux-androideabi-4.6/prebuilt/linux-x86/bin/../lib/gcc/arm-linux-androideabi/4.6/libgcc.a(_dvmd_lnx.o)
 .note.GNU-stack
                0x00000000        0x0 /home/ubuntu/android-ndk-r9c/toolchains/arm-linux-androideabi-4.6/prebuilt/linux-x86/bin/../lib/gcc/arm-linux-androideabi/4.6/libgcc.a(_dvmd_lnx.o)
 .data          0x00000000        0x0 /home/ubuntu/android-ndk-r9c/toolchains/arm-linux-androideabi-4.6/prebuilt/linux-x86/bin/../lib/gcc/arm-linux-androideabi/4.6/libgcc.a(bpabi.o)
 .bss           0x00000000        0x0 /home/ubuntu/android-ndk-r9c/toolchains/arm-linux-androideabi-4.6/prebuilt/linux-x86/bin/../lib/gcc/arm-linux-androideabi/4.6/libgcc.a(bpabi.o)
 .ARM.extab     0x00000000        0x0 /home/ubuntu/android-ndk-r9c/toolchains/arm-linux-androideabi-4.6/prebuilt/linux-x86/bin/../lib/gcc/arm-linux-androideabi/4.6/libgcc.a(bpabi.o)
 .note.GNU-stack
                0x00000000        0x0 /home/ubuntu/android-ndk-r9c/toolchains/arm-linux-androideabi-4.6/prebuilt/linux-x86/bin/../lib/gcc/arm-linux-androideabi/4.6/libgcc.a(bpabi.o)
 .data          0x00000000        0x0 /home/ubuntu/android-ndk-r9c/toolchains/arm-linux-androideabi-4.6/prebuilt/linux-x86/bin/../lib/gcc/arm-linux-androideabi/4.6/libgcc.a(unwind-arm.o)
 .bss           0x00000000        0x0 /home/ubuntu/android-ndk-r9c/toolchains/arm-linux-androideabi-4.6/prebuilt/linux-x86/bin/../lib/gcc/arm-linux-androideabi/4.6/libgcc.a(unwind-arm.o)
 .note.GNU-stack
                0x00000000        0x0 /home/ubuntu/android-ndk-r9c/toolchains/arm-linux-androideabi-4.6/prebuilt/linux-x86/bin/../lib/gcc/arm-linux-androideabi/4.6/libgcc.a(unwind-arm.o)
 .data          0x00000000        0x0 /home/ubuntu/android-ndk-r9c/toolchains/arm-linux-androideabi-4.6/prebuilt/linux-x86/bin/../lib/gcc/arm-linux-androideabi/4.6/libgcc.a(libunwind.o)
 .bss           0x00000000        0x0 /home/ubuntu/android-ndk-r9c/toolchains/arm-linux-androideabi-4.6/prebuilt/linux-x86/bin/../lib/gcc/arm-linux-androideabi/4.6/libgcc.a(libunwind.o)
 .note.GNU-stack
                0x00000000        0x0 /home/ubuntu/android-ndk-r9c/toolchains/arm-linux-androideabi-4.6/prebuilt/linux-x86/bin/../lib/gcc/arm-linux-androideabi/4.6/libgcc.a(libunwind.o)
 .data          0x00000000        0x0 /home/ubuntu/android-ndk-r9c/toolchains/arm-linux-androideabi-4.6/prebuilt/linux-x86/bin/../lib/gcc/arm-linux-androideabi/4.6/libgcc.a(pr-support.o)
 .bss           0x00000000        0x0 /home/ubuntu/android-ndk-r9c/toolchains/arm-linux-androideabi-4.6/prebuilt/linux-x86/bin/../lib/gcc/arm-linux-androideabi/4.6/libgcc.a(pr-support.o)
 .note.GNU-stack
                0x00000000        0x0 /home/ubuntu/android-ndk-r9c/toolchains/arm-linux-androideabi-4.6/prebuilt/linux-x86/bin/../lib/gcc/arm-linux-androideabi/4.6/libgcc.a(pr-support.o)
 .data          0x00000000        0x0 /home/ubuntu/android-ndk-r9c/toolchains/arm-linux-androideabi-4.6/prebuilt/linux-x86/bin/../lib/gcc/arm-linux-androideabi/4.6/libgcc.a(_divdi3.o)
 .bss           0x00000000        0x0 /home/ubuntu/android-ndk-r9c/toolchains/arm-linux-androideabi-4.6/prebuilt/linux-x86/bin/../lib/gcc/arm-linux-androideabi/4.6/libgcc.a(_divdi3.o)
 .ARM.extab     0x00000000        0x0 /home/ubuntu/android-ndk-r9c/toolchains/arm-linux-androideabi-4.6/prebuilt/linux-x86/bin/../lib/gcc/arm-linux-androideabi/4.6/libgcc.a(_divdi3.o)
 .note.GNU-stack
                0x00000000        0x0 /home/ubuntu/android-ndk-r9c/toolchains/arm-linux-androideabi-4.6/prebuilt/linux-x86/bin/../lib/gcc/arm-linux-androideabi/4.6/libgcc.a(_divdi3.o)
 .data          0x00000000        0x0 /home/ubuntu/android-ndk-r9c/toolchains/arm-linux-androideabi-4.6/prebuilt/linux-x86/bin/../lib/gcc/arm-linux-androideabi/4.6/libgcc.a(_udivdi3.o)
 .bss           0x00000000        0x0 /home/ubuntu/android-ndk-r9c/toolchains/arm-linux-androideabi-4.6/prebuilt/linux-x86/bin/../lib/gcc/arm-linux-androideabi/4.6/libgcc.a(_udivdi3.o)
 .ARM.extab     0x00000000        0x0 /home/ubuntu/android-ndk-r9c/toolchains/arm-linux-androideabi-4.6/prebuilt/linux-x86/bin/../lib/gcc/arm-linux-androideabi/4.6/libgcc.a(_udivdi3.o)
 .note.GNU-stack
                0x00000000        0x0 /home/ubuntu/android-ndk-r9c/toolchains/arm-linux-androideabi-4.6/prebuilt/linux-x86/bin/../lib/gcc/arm-linux-androideabi/4.6/libgcc.a(_udivdi3.o)
 .text          0x00000000        0x0 /home/ubuntu/android-ndk-r9c/platforms/android-19/arch-arm/usr/lib/crtend_so.o
 .data          0x00000000        0x0 /home/ubuntu/android-ndk-r9c/platforms/android-19/arch-arm/usr/lib/crtend_so.o
 .bss           0x00000000        0x0 /home/ubuntu/android-ndk-r9c/platforms/android-19/arch-arm/usr/lib/crtend_so.o
 .note.GNU-stack
                0x00000000        0x0 /home/ubuntu/android-ndk-r9c/platforms/android-19/arch-arm/usr/lib/crtend_so.o

Memory map

 ** file header
                0x00000000       0x34
 ** segment headers
                0x00000034       0xe0

.dynsym         0x00000114      0x740
 ** dynsym      0x00000114      0x740

.dynstr         0x00000854      0x75b
 ** string table
                0x00000854      0x75b

.hash           0x00000fb0      0x35c
 ** hash        0x00000fb0      0x35c

.rel.dyn        0x0000130c      0x110
 ** dynamic relocs
                0x0000130c      0x110

.rel.plt        0x0000141c       0x30
 ** dynamic relocs
                0x0000141c       0x30

.plt            0x0000144c       0x5c
 ** PLT         0x0000144c       0x5c

.text           0x000014a8     0x925c
 .text.exit     0x000014a8       0x10 /home/ubuntu/android-ndk-r9c/platforms/android-19/arch-arm/usr/lib/crtbegin_so.o
                0x000014a8                __on_dlclose
 .text          0x000014b8      0x374 /home/ubuntu/Desktop/RockboxRCC/bu800/lib/rbcodec/codecs/wmapro.o
                0x000014b8                codec_run
                0x000017f8                codec_main
 .text          0x0000182c       0x14 /home/ubuntu/Desktop/RockboxRCC/bu800/lib/rbcodec/codecs/codec_crt0.o
                0x0000182c                _start
                0x00001834                codec_start
 .text          0x00001840     0x3aa4 /home/ubuntu/Desktop/RockboxRCC/bu800/lib/rbcodec/codecs/libwmapro.a(wmaprodec.o)
                0x00004468                decode_init
                0x00004e30                decode_packet
 .text          0x000052e4      0x528 /home/ubuntu/Desktop/RockboxRCC/bu800/lib/rbcodec/codecs/libwmapro.a(wma.o)
                0x000052e4                ff_wma_get_frame_len_bits
                0x0000536c                ff_wma_get_large_val
                0x00005498                ff_wma_run_level_decode
 .text.compare_vlcspec
                0x0000580c       0x44 /home/ubuntu/Desktop/RockboxRCC/bu800/lib/rbcodec/codecs/libwmapro.a(ffmpeg_bitstream.o)
 .text.build_table
                0x00005850      0x324 /home/ubuntu/Desktop/RockboxRCC/bu800/lib/rbcodec/codecs/libwmapro.a(ffmpeg_bitstream.o)
 .text.ff_copy_bits
                0x00005b74      0x314 /home/ubuntu/Desktop/RockboxRCC/bu800/lib/rbcodec/codecs/libwmapro.a(ffmpeg_bitstream.o)
                0x00005b74                ff_copy_bits
 .text.init_vlc_sparse
                0x00005e88      0x6f4 /home/ubuntu/Desktop/RockboxRCC/bu800/lib/rbcodec/codecs/libwmapro.a(ffmpeg_bitstream.o)
                0x00005e88                init_vlc_sparse
 .text          0x0000657c      0x7c4 /home/ubuntu/Desktop/RockboxRCC/bu800/lib/rbcodec/codecs/libasf.a(asf.o)
                0x0000657c                asf_read_packet
                0x00006a48                asf_get_timestamp
                0x00006be4                asf_seek
 .text.codec_init
                0x00006d40       0x40 /home/ubuntu/Desktop/RockboxRCC/bu800/lib/rbcodec/codecs/libcodec.a(codeclib.o)
                0x00006d40                codec_init
 .text.codec_set_replaygain
                0x00006d80       0x50 /home/ubuntu/Desktop/RockboxRCC/bu800/lib/rbcodec/codecs/libcodec.a(codeclib.o)
                0x00006d80                codec_set_replaygain
 .text.codec_malloc
                0x00006dd0       0x54 /home/ubuntu/Desktop/RockboxRCC/bu800/lib/rbcodec/codecs/libcodec.a(codeclib.o)
                0x00006dd0                codec_malloc
 .text.codec_calloc
                0x00006e24       0x44 /home/ubuntu/Desktop/RockboxRCC/bu800/lib/rbcodec/codecs/libcodec.a(codeclib.o)
                0x00006e24                codec_calloc
 .text.codec_free
                0x00006e68        0x4 /home/ubuntu/Desktop/RockboxRCC/bu800/lib/rbcodec/codecs/libcodec.a(codeclib.o)
                0x00006e68                codec_free
 .text.codec_realloc
                0x00006e6c       0x48 /home/ubuntu/Desktop/RockboxRCC/bu800/lib/rbcodec/codecs/libcodec.a(codeclib.o)
                0x00006e6c                codec_realloc
 .text.strlen   0x00006eb4       0x20 /home/ubuntu/Desktop/RockboxRCC/bu800/lib/rbcodec/codecs/libcodec.a(codeclib.o)
                0x00006eb4                strlen
 .text.strcpy   0x00006ed4       0x20 /home/ubuntu/Desktop/RockboxRCC/bu800/lib/rbcodec/codecs/libcodec.a(codeclib.o)
                0x00006ed4                strcpy
 .text.strcat   0x00006ef4       0x20 /home/ubuntu/Desktop/RockboxRCC/bu800/lib/rbcodec/codecs/libcodec.a(codeclib.o)
                0x00006ef4                strcat
 .text.strcmp   0x00006f14       0x20 /home/ubuntu/Desktop/RockboxRCC/bu800/lib/rbcodec/codecs/libcodec.a(codeclib.o)
                0x00006f14                strcmp
 .text.memcpy   0x00006f34       0x20 /home/ubuntu/Desktop/RockboxRCC/bu800/lib/rbcodec/codecs/libcodec.a(codeclib.o)
                0x00006f34                memcpy
 .text.memset   0x00006f54       0x20 /home/ubuntu/Desktop/RockboxRCC/bu800/lib/rbcodec/codecs/libcodec.a(codeclib.o)
                0x00006f54                memset
 .text.memcmp   0x00006f74       0x20 /home/ubuntu/Desktop/RockboxRCC/bu800/lib/rbcodec/codecs/libcodec.a(codeclib.o)
                0x00006f74                memcmp
 .text.memchr   0x00006f94       0x20 /home/ubuntu/Desktop/RockboxRCC/bu800/lib/rbcodec/codecs/libcodec.a(codeclib.o)
                0x00006f94                memchr
 .text.memmove  0x00006fb4       0x20 /home/ubuntu/Desktop/RockboxRCC/bu800/lib/rbcodec/codecs/libcodec.a(codeclib.o)
                0x00006fb4                memmove
 .text.qsort    0x00006fd4       0x20 /home/ubuntu/Desktop/RockboxRCC/bu800/lib/rbcodec/codecs/libcodec.a(codeclib.o)
                0x00006fd4                qsort
 .text.ff_imdct_half
                0x00006ff4      0x6c0 /home/ubuntu/Desktop/RockboxRCC/bu800/lib/rbcodec/codecs/libcodec.a(mdct.o)
                0x00006ff4                ff_imdct_half
 .text.ff_imdct_calc
                0x000076b4      0x104 /home/ubuntu/Desktop/RockboxRCC/bu800/lib/rbcodec/codecs/libcodec.a(mdct.o)
                0x000076b4                ff_imdct_calc
 .text.fft4_dispatch
                0x000077b8       0x54 /home/ubuntu/Desktop/RockboxRCC/bu800/lib/rbcodec/codecs/libcodec.a(fft-ffmpeg.o)
 .text.pass     0x0000780c      0x51c /home/ubuntu/Desktop/RockboxRCC/bu800/lib/rbcodec/codecs/libcodec.a(fft-ffmpeg.o)
 .text.fft8_dispatch
                0x00007d28      0x17c /home/ubuntu/Desktop/RockboxRCC/bu800/lib/rbcodec/codecs/libcodec.a(fft-ffmpeg.o)
 .text.fft16    0x00007ea4      0x490 /home/ubuntu/Desktop/RockboxRCC/bu800/lib/rbcodec/codecs/libcodec.a(fft-ffmpeg.o)
 .text.fft32    0x00008334      0x2f8 /home/ubuntu/Desktop/RockboxRCC/bu800/lib/rbcodec/codecs/libcodec.a(fft-ffmpeg.o)
 .text.fft64    0x0000862c       0x30 /home/ubuntu/Desktop/RockboxRCC/bu800/lib/rbcodec/codecs/libcodec.a(fft-ffmpeg.o)
 .text.fft128   0x0000865c       0x30 /home/ubuntu/Desktop/RockboxRCC/bu800/lib/rbcodec/codecs/libcodec.a(fft-ffmpeg.o)
 .text.fft256   0x0000868c       0x30 /home/ubuntu/Desktop/RockboxRCC/bu800/lib/rbcodec/codecs/libcodec.a(fft-ffmpeg.o)
 .text.fft512   0x000086bc       0x30 /home/ubuntu/Desktop/RockboxRCC/bu800/lib/rbcodec/codecs/libcodec.a(fft-ffmpeg.o)
 .text.fft1024  0x000086ec       0x30 /home/ubuntu/Desktop/RockboxRCC/bu800/lib/rbcodec/codecs/libcodec.a(fft-ffmpeg.o)
 .text.fft2048  0x0000871c       0x30 /home/ubuntu/Desktop/RockboxRCC/bu800/lib/rbcodec/codecs/libcodec.a(fft-ffmpeg.o)
 .text.fft4096  0x0000874c       0x30 /home/ubuntu/Desktop/RockboxRCC/bu800/lib/rbcodec/codecs/libcodec.a(fft-ffmpeg.o)
 .text.ff_fft_calc_c
                0x0000877c       0x24 /home/ubuntu/Desktop/RockboxRCC/bu800/lib/rbcodec/codecs/libcodec.a(fft-ffmpeg.o)
                0x0000877c                ff_fft_calc_c
 .text          0x000087a0       0xc8 /home/ubuntu/android-ndk-r9c/toolchains/arm-linux-androideabi-4.6/prebuilt/linux-x86/bin/../lib/gcc/arm-linux-androideabi/4.6/libgcc.a(_udivsi3.o)
                0x000087a0                __udivsi3
                0x000087a0                __aeabi_uidiv
                0x00008848                __aeabi_uidivmod
 .text          0x00008868       0xfc /home/ubuntu/android-ndk-r9c/toolchains/arm-linux-androideabi-4.6/prebuilt/linux-x86/bin/../lib/gcc/arm-linux-androideabi/4.6/libgcc.a(_divsi3.o)
                0x00008868                __divsi3
                0x00008868                __aeabi_idiv
                0x00008944                __aeabi_idivmod
 .text          0x00008964       0x44 /home/ubuntu/android-ndk-r9c/toolchains/arm-linux-androideabi-4.6/prebuilt/linux-x86/bin/../lib/gcc/arm-linux-androideabi/4.6/libgcc.a(_aeabi_ldivmod.o)
                0x00008964                __aeabi_ldivmod
 .text          0x000089a8       0x10 /home/ubuntu/android-ndk-r9c/toolchains/arm-linux-androideabi-4.6/prebuilt/linux-x86/bin/../lib/gcc/arm-linux-androideabi/4.6/libgcc.a(_dvmd_lnx.o)
                0x000089a8                __aeabi_idiv0
                0x000089a8                __aeabi_ldiv0
 .text          0x000089b8       0x78 /home/ubuntu/android-ndk-r9c/toolchains/arm-linux-androideabi-4.6/prebuilt/linux-x86/bin/../lib/gcc/arm-linux-androideabi/4.6/libgcc.a(bpabi.o)
                0x000089b8                __gnu_ldivmod_helper
                0x000089f4                __gnu_uldivmod_helper
 .text          0x00008a30      0xddc /home/ubuntu/android-ndk-r9c/toolchains/arm-linux-androideabi-4.6/prebuilt/linux-x86/bin/../lib/gcc/arm-linux-androideabi/4.6/libgcc.a(unwind-arm.o)
                0x00009274                __aeabi_unwind_cpp_pr0
                0x0000926c                __aeabi_unwind_cpp_pr1
                0x00009264                __aeabi_unwind_cpp_pr2
                0x00008df4                _Unwind_VRS_Get
                0x00008e60                _Unwind_VRS_Set
                0x0000927c                _Unwind_VRS_Pop
                0x000095d4                _Unwind_GetCFA
                0x000095dc                __gnu_Unwind_RaiseException
                0x00009680                __gnu_Unwind_ForcedUnwind
                0x0000969c                __gnu_Unwind_Resume
                0x00009708                __gnu_Unwind_Resume_or_Rethrow
                0x00009728                _Unwind_Complete
                0x0000972c                _Unwind_DeleteException
                0x0000974c                __gnu_Unwind_Backtrace
 .text          0x0000980c      0x1a8 /home/ubuntu/android-ndk-r9c/toolchains/arm-linux-androideabi-4.6/prebuilt/linux-x86/bin/../lib/gcc/arm-linux-androideabi/4.6/libgcc.a(libunwind.o)
                0x0000980c                __restore_core_regs
                0x0000980c                restore_core_regs
                0x00009820                __gnu_Unwind_Restore_VFP
                0x00009828                __gnu_Unwind_Save_VFP
                0x00009830                __gnu_Unwind_Restore_VFP_D
                0x00009838                __gnu_Unwind_Save_VFP_D
                0x00009840                __gnu_Unwind_Restore_VFP_D_16_to_31
                0x00009848                __gnu_Unwind_Save_VFP_D_16_to_31
                0x00009850                __gnu_Unwind_Restore_WMMXD
                0x00009894                __gnu_Unwind_Save_WMMXD
                0x000098d8                __gnu_Unwind_Restore_WMMXC
                0x000098ec                __gnu_Unwind_Save_WMMXC
                0x00009900                ___Unwind_RaiseException
                0x00009900                _Unwind_RaiseException
                0x00009924                ___Unwind_Resume
                0x00009924                _Unwind_Resume
                0x00009948                ___Unwind_Resume_or_Rethrow
                0x00009948                _Unwind_Resume_or_Rethrow
                0x0000996c                ___Unwind_ForcedUnwind
                0x0000996c                _Unwind_ForcedUnwind
                0x00009990                ___Unwind_Backtrace
                0x00009990                _Unwind_Backtrace
 .text          0x000099b4      0x4a0 /home/ubuntu/android-ndk-r9c/toolchains/arm-linux-androideabi-4.6/prebuilt/linux-x86/bin/../lib/gcc/arm-linux-androideabi/4.6/libgcc.a(pr-support.o)
                0x00009a0c                __gnu_unwind_execute
                0x00009da0                __gnu_unwind_frame
                0x00009de0                _Unwind_GetRegionStart
                0x00009e0c                _Unwind_GetLanguageSpecificData
                0x00009e44                _Unwind_GetDataRelBase
                0x00009e4c                _Unwind_GetTextRelBase
 .text          0x00009e54      0x484 /home/ubuntu/android-ndk-r9c/toolchains/arm-linux-androideabi-4.6/prebuilt/linux-x86/bin/../lib/gcc/arm-linux-androideabi/4.6/libgcc.a(_divdi3.o)
                0x00009e54                __divdi3
 .text          0xffffffffffffffff      0x42c /home/ubuntu/android-ndk-r9c/toolchains/arm-linux-androideabi-4.6/prebuilt/linux-x86/bin/../lib/gcc/arm-linux-androideabi/4.6/libgcc.a(_udivdi3.o)
                0x0000a2d8                __udivdi3

.rodata         0x0000a704     0xe3f8
 .rodata        0x0000a704     0x23d0 /home/ubuntu/Desktop/RockboxRCC/bu800/lib/rbcodec/codecs/libwmapro.a(wmaprodec.o)
                0x0000c800                quant_tab
 .rodata        0x0000cad4     0x7e00 /home/ubuntu/Desktop/RockboxRCC/bu800/lib/rbcodec/codecs/libwmapro.a(mdct_tables.o)
                0x0000cad4                sine_128
                0x0000ccd4                sine_256
                0x0000d0d4                sine_512
                0x0000d8d4                sine_1024
                0x0000e8d4                sine_2048
                0x000108d4                sine_4096
 .rodata        0x000148d4       0x20 /home/ubuntu/Desktop/RockboxRCC/bu800/lib/rbcodec/codecs/libwmapro.a(ffmpeg_bitstream.o)
                0x000148d4                ff_log2_run
 .rodata        0x000148f4      0x200 /home/ubuntu/Desktop/RockboxRCC/bu800/lib/rbcodec/codecs/libcodec.a(codeclib.o)
                0x000148f4                bs_clz_tab
                0x000149f4                bs_log2_tab
 .rodata        0x00014af4     0x4008 /home/ubuntu/Desktop/RockboxRCC/bu800/lib/rbcodec/codecs/libcodec.a(mdct_lookup.o)
                0x00014af4                revtab
                0x00016af4                sincos_lookup1
                0x00017af4                sincos_lookup0

.ARM.extab      0x00018afc       0x48
 .ARM.extab     0x00018afc        0xc /home/ubuntu/android-ndk-r9c/toolchains/arm-linux-androideabi-4.6/prebuilt/linux-x86/bin/../lib/gcc/arm-linux-androideabi/4.6/libgcc.a(_dvmd_lnx.o)
 .ARM.extab     0x00018b08       0x24 /home/ubuntu/android-ndk-r9c/toolchains/arm-linux-androideabi-4.6/prebuilt/linux-x86/bin/../lib/gcc/arm-linux-androideabi/4.6/libgcc.a(unwind-arm.o)
 .ARM.extab     0x00018b2c       0x18 /home/ubuntu/android-ndk-r9c/toolchains/arm-linux-androideabi-4.6/prebuilt/linux-x86/bin/../lib/gcc/arm-linux-androideabi/4.6/libgcc.a(pr-support.o)

.ARM.exidx      0x00018b44       0xf0
 .ARM.exidx     0x00018b44        0x8 /home/ubuntu/android-ndk-r9c/toolchains/arm-linux-androideabi-4.6/prebuilt/linux-x86/bin/../lib/gcc/arm-linux-androideabi/4.6/libgcc.a(_dvmd_lnx.o)
 .ARM.exidx     0xffffffffffffffff       0x10 /home/ubuntu/android-ndk-r9c/toolchains/arm-linux-androideabi-4.6/prebuilt/linux-x86/bin/../lib/gcc/arm-linux-androideabi/4.6/libgcc.a(bpabi.o)
 .ARM.exidx     0xffffffffffffffff       0xb0 /home/ubuntu/android-ndk-r9c/toolchains/arm-linux-androideabi-4.6/prebuilt/linux-x86/bin/../lib/gcc/arm-linux-androideabi/4.6/libgcc.a(unwind-arm.o)
 ** ARM cantunwind
                0x00018bec        0x8
 .ARM.exidx     0xffffffffffffffff       0x38 /home/ubuntu/android-ndk-r9c/toolchains/arm-linux-androideabi-4.6/prebuilt/linux-x86/bin/../lib/gcc/arm-linux-androideabi/4.6/libgcc.a(pr-support.o)
 .ARM.exidx     0x00018c1c        0x8 /home/ubuntu/android-ndk-r9c/toolchains/arm-linux-androideabi-4.6/prebuilt/linux-x86/bin/../lib/gcc/arm-linux-androideabi/4.6/libgcc.a(_divdi3.o)
 .ARM.exidx     0x00018c24        0x8 /home/ubuntu/android-ndk-r9c/toolchains/arm-linux-androideabi-4.6/prebuilt/linux-x86/bin/../lib/gcc/arm-linux-androideabi/4.6/libgcc.a(_udivdi3.o)
 ** ARM cantunwind
                0x00018c2c        0x8

.data.rel.ro.local
                0x00019e74       0x2c
 .data.rel.ro.local
                0x00019e74       0x2c /home/ubuntu/Desktop/RockboxRCC/bu800/lib/rbcodec/codecs/libcodec.a(fft-ffmpeg.o)

.fini_array     0x00019ea0        0x8
 .fini_array    0x00019ea0        0x4 /home/ubuntu/android-ndk-r9c/platforms/android-19/arch-arm/usr/lib/crtbegin_so.o
 .fini_array    0x00019ea4        0x4 /home/ubuntu/android-ndk-r9c/platforms/android-19/arch-arm/usr/lib/crtend_so.o

.data.rel.ro    0x00019ea8       0x1c
 .data.rel.ro   0x00019ea8       0x1c /home/ubuntu/Desktop/RockboxRCC/bu800/lib/rbcodec/codecs/wmapro.o
                0x00019ea8                __header

.init_array     0x00019ec4        0x4
 .init_array    0x00019ec4        0x4 /home/ubuntu/android-ndk-r9c/platforms/android-19/arch-arm/usr/lib/crtend_so.o

.dynamic        0x00019ec8       0xe0
 ** dynamic     0x00019ec8       0xe0

.got            0x00019fa8       0x58
 ** GOT         0x00019fa8       0x34
 ** GOT PLT     0x00019fdc       0x24

.data           0x0001a000       0x20
 .data          0x0001a000        0x4 /home/ubuntu/android-ndk-r9c/platforms/android-19/arch-arm/usr/lib/crtbegin_so.o
                0x0001a000                __dso_handle
 .data          0x0001a004        0x4 /home/ubuntu/Desktop/RockboxRCC/bu800/lib/rbcodec/codecs/codec_crt0.o
                0x0001a004                ci
 .data.rel      0x0001a008       0x18 /home/ubuntu/Desktop/RockboxRCC/bu800/lib/rbcodec/codecs/libwmapro.a(mdct_tables.o)
                0x0001a008                sine_windows

.bss            0x0001a020    0x49a9c
 .bss           0x0001a020        0x8 /home/ubuntu/Desktop/RockboxRCC/bu800/lib/rbcodec/codecs/wmapro.o
 .bss           0x0001a028    0x475f4 /home/ubuntu/Desktop/RockboxRCC/bu800/lib/rbcodec/codecs/libwmapro.a(wmaprodec.o)
 .bss           0x0006161c     0x2490 /home/ubuntu/Desktop/RockboxRCC/bu800/lib/rbcodec/codecs/libwmapro.a(ffmpeg_bitstream.o)
 .bss           0x00063aac        0x4 /home/ubuntu/Desktop/RockboxRCC/bu800/lib/rbcodec/codecs/libasf.a(asf.o)
 .bss           0x00063ab0        0xc /home/ubuntu/Desktop/RockboxRCC/bu800/lib/rbcodec/codecs/libcodec.a(codeclib.o)
